// Jest Snapshot v1, https://goo.gl/fbAQLP

exports[`Card component matches the snapshot 1`] = `
<div>
  <li
    class="card false"
  >
    <div
      class="img"
      style="background-image: url(URL);"
    />
    <div
      class="info"
    >
      <h3>
        Name
      </h3>
      <p>
        $
        12000
         of $
        35000
      </p>
      <p>
        active
      </p>
    </div>
    <div
      class="progress"
    >
      34
    </div>
    <div
      class="details false"
    >
      <p>
        <span>
          Days left:
        </span>
        <span>
          12
        </span>
      </p>
      <p>
        <span>
          $ per day:
        </span>
        <span>
          $
          15
        </span>
      </p>
      <p>
        <span>
          Start date:
        </span>
        <span>
          2017-5-1
        </span>
      </p>
      <p>
        <span>
          Estimated finsh date:
        </span>
        <span>
          2017-5-1
        </span>
      </p>
      <button>
        Save faster
      </button>
      <button>
        Pause
      </button>
    </div>
    <button
      class="toggle"
    >
      View details
    </button>
  </li>
</div>
`;
